<tvmazetechtest.ListViewController: 0x7fa0c073cf90>